// Vitest Snapshot v1, https://vitest.dev/guide/snapshot.html

exports[`ProductList component > renders correctly 1`] = `
<div>
  <div
    class="sc-boKDdR cMDUGu"
  >
    <div
      class="sc-fbQrwq WDCYf"
    >
      <form
        class="sc-jaXbil cCFyzs"
      >
        <svg
          aria-hidden="true"
          class="lucide lucide-search sc-eqNDNG cpTcEx"
          fill="none"
          height="24"
          stroke="currentColor"
          stroke-linecap="round"
          stroke-linejoin="round"
          stroke-width="2"
          viewBox="0 0 24 24"
          width="24"
          xmlns="http://www.w3.org/2000/svg"
        >
          <path
            d="m21 21-4.34-4.34"
          />
          <circle
            cx="11"
            cy="11"
            r="8"
          />
        </svg>
        <input
          aria-label="product-search-input"
          class="sc-fVHBlr khUhwK"
          placeholder="Search Product"
          type="text"
          value=""
        />
      </form>
      <div
        class="sc-gGKoUb dVANvN"
      >
        <div
          class="sc-hwddKA hYPwIm"
        >
          <label
            class="sc-ipUnzB lamBSh"
            for="category-selector"
          >
            Category: 
          </label>
          <select
            aria-label="category-selector"
            class="sc-eQwNpu bJoagm"
            id="category-selector"
          >
            <option
              value="all"
            >
              All
            </option>
            <option
              value="Electronics"
            >
              Electronics
            </option>
            <option
              value="Accessories"
            >
              Accessories
            </option>
          </select>
        </div>
        <div
          class="sc-hwddKA sc-gLaqbQ hYPwIm PEvpf"
        >
          <label
            class="sc-ipUnzB lamBSh"
            for="sort-selector"
          >
            Sort By: 
          </label>
          <select
            aria-label="sort-selector"
            class="sc-eQwNpu bJoagm"
            id="sort-selector"
          >
            <option
              value="relevance"
            >
              Relevance
            </option>
            <option
              value="cheap"
            >
              Price: Low to High
            </option>
            <option
              value="expensive"
            >
              Price: High to Low
            </option>
            <option
              value="best"
            >
              Best Rating
            </option>
          </select>
        </div>
      </div>
    </div>
    <ul
      class="sc-fOOuSg jKNNkU"
    >
      <li>
        <div
          class="sc-gvqKNf gDcNMd"
        >
          <a
            aria-label="product-link"
            class="sc-cOpnSz dpVQfy"
            data-discover="true"
            href="/product/1"
            title="Proton L20 32GB RAM 2TB SSD Laptop"
          >
            <div
              class="sc-kjwdDK clwOtX"
            >
              <img
                alt="Proton L20 32GB RAM 2TB SSD Laptop"
                src="http://example.com/image-1.jpg"
              />
            </div>
            <div
              class="sc-eVqvcJ fmDqYv"
            >
              <p
                class="sc-bbbBoY eenUzV"
              >
                Proton L20 32GB RAM 2TB SSD Laptop
              </p>
              <p
                class="sc-cdmAjP ibIulg"
              >
                $
                1599
              </p>
            </div>
          </a>
          <div
            class="sc-jytpVa joyyFX"
          >
            <div
              aria-label="cart-quantity-selector"
              class="sc-jYczwO fUtGVQ"
            >
              <button
                aria-label="quantity-decrement-button"
                class="sc-dNFkOE sc-fszimp eRuIdM jevfAm"
              >
                <svg
                  aria-hidden="true"
                  class="lucide lucide-minus"
                  fill="none"
                  height="24"
                  stroke="currentColor"
                  stroke-linecap="round"
                  stroke-linejoin="round"
                  stroke-width="2"
                  viewBox="0 0 24 24"
                  width="24"
                  xmlns="http://www.w3.org/2000/svg"
                >
                  <path
                    d="M5 12h14"
                  />
                </svg>
              </button>
              <input
                aria-label="custom-quantity-input"
                class="sc-fYmhhH dRLYby"
                type="text"
                value="1"
              />
              <button
                aria-label="quantity-increment-button"
                class="sc-dNFkOE sc-etsjJW eRuIdM gQSCnT"
              >
                <svg
                  aria-hidden="true"
                  class="lucide lucide-plus"
                  fill="none"
                  height="24"
                  stroke="currentColor"
                  stroke-linecap="round"
                  stroke-linejoin="round"
                  stroke-width="2"
                  viewBox="0 0 24 24"
                  width="24"
                  xmlns="http://www.w3.org/2000/svg"
                >
                  <path
                    d="M5 12h14"
                  />
                  <path
                    d="M12 5v14"
                  />
                </svg>
              </button>
            </div>
            <button
              aria-label="cart-remove-button"
              class="sc-eknHtZ sc-cCVJLD ewQnRo daqibT"
            >
              <svg
                aria-hidden="true"
                class="lucide lucide-trash2 lucide-trash-2"
                fill="none"
                height="24"
                stroke="currentColor"
                stroke-linecap="round"
                stroke-linejoin="round"
                stroke-width="2"
                viewBox="0 0 24 24"
                width="24"
                xmlns="http://www.w3.org/2000/svg"
              >
                <path
                  d="M3 6h18"
                />
                <path
                  d="M19 6v14c0 1-1 2-2 2H7c-1 0-2-1-2-2V6"
                />
                <path
                  d="M8 6V4c0-1 1-2 2-2h4c1 0 2 1 2 2v2"
                />
                <line
                  x1="10"
                  x2="10"
                  y1="11"
                  y2="17"
                />
                <line
                  x1="14"
                  x2="14"
                  y1="11"
                  y2="17"
                />
              </svg>
            </button>
          </div>
        </div>
      </li>
      <li>
        <div
          class="sc-gvqKNf gDcNMd"
        >
          <a
            aria-label="product-link"
            class="sc-cOpnSz dpVQfy"
            data-discover="true"
            href="/product/2"
            title="Tungstenite G8 16GB VRAM Graphics Card"
          >
            <div
              class="sc-kjwdDK clwOtX"
            >
              <img
                alt="Tungstenite G8 16GB VRAM Graphics Card"
                src="http://example.com/image-2.jpg"
              />
            </div>
            <div
              class="sc-eVqvcJ fmDqYv"
            >
              <p
                class="sc-bbbBoY eenUzV"
              >
                Tungstenite G8 16GB VRAM Graphics Card
              </p>
              <p
                class="sc-cdmAjP ibIulg"
              >
                $
                699
              </p>
            </div>
          </a>
          <div
            class="sc-jytpVa joyyFX"
          >
            <button
              aria-label="cart-add-button"
              class="sc-eknHtZ sc-pYNGo ewQnRo brYfNX"
            >
              <svg
                aria-hidden="true"
                class="lucide lucide-shopping-cart"
                fill="none"
                height="24"
                stroke="currentColor"
                stroke-linecap="round"
                stroke-linejoin="round"
                stroke-width="2"
                viewBox="0 0 24 24"
                width="24"
                xmlns="http://www.w3.org/2000/svg"
              >
                <circle
                  cx="8"
                  cy="21"
                  r="1"
                />
                <circle
                  cx="19"
                  cy="21"
                  r="1"
                />
                <path
                  d="M2.05 2.05h2l2.66 12.42a2 2 0 0 0 2 1.58h9.78a2 2 0 0 0 1.95-1.57l1.65-7.43H5.12"
                />
              </svg>
               Add to cart
            </button>
          </div>
        </div>
      </li>
      <li>
        <div
          class="sc-gvqKNf gDcNMd"
        >
          <a
            aria-label="product-link"
            class="sc-cOpnSz dpVQfy"
            data-discover="true"
            href="/product/3"
            title="Element S12 8GB RAM 256GB ROM Smartphone"
          >
            <div
              class="sc-kjwdDK clwOtX"
            >
              <img
                alt="Element S12 8GB RAM 256GB ROM Smartphone"
                src="http://example.com/image-3.jpg"
              />
            </div>
            <div
              class="sc-eVqvcJ fmDqYv"
            >
              <p
                class="sc-bbbBoY eenUzV"
              >
                Element S12 8GB RAM 256GB ROM Smartphone
              </p>
              <p
                class="sc-cdmAjP ibIulg"
              >
                $
                249
              </p>
            </div>
          </a>
          <div
            class="sc-jytpVa joyyFX"
          >
            <div
              aria-label="cart-quantity-selector"
              class="sc-jYczwO fUtGVQ"
            >
              <button
                aria-label="quantity-decrement-button"
                class="sc-dNFkOE sc-fszimp eRuIdM jevfAm"
              >
                <svg
                  aria-hidden="true"
                  class="lucide lucide-minus"
                  fill="none"
                  height="24"
                  stroke="currentColor"
                  stroke-linecap="round"
                  stroke-linejoin="round"
                  stroke-width="2"
                  viewBox="0 0 24 24"
                  width="24"
                  xmlns="http://www.w3.org/2000/svg"
                >
                  <path
                    d="M5 12h14"
                  />
                </svg>
              </button>
              <input
                aria-label="custom-quantity-input"
                class="sc-fYmhhH dRLYby"
                type="text"
                value="2"
              />
              <button
                aria-label="quantity-increment-button"
                class="sc-dNFkOE sc-etsjJW eRuIdM gQSCnT"
              >
                <svg
                  aria-hidden="true"
                  class="lucide lucide-plus"
                  fill="none"
                  height="24"
                  stroke="currentColor"
                  stroke-linecap="round"
                  stroke-linejoin="round"
                  stroke-width="2"
                  viewBox="0 0 24 24"
                  width="24"
                  xmlns="http://www.w3.org/2000/svg"
                >
                  <path
                    d="M5 12h14"
                  />
                  <path
                    d="M12 5v14"
                  />
                </svg>
              </button>
            </div>
            <button
              aria-label="cart-remove-button"
              class="sc-eknHtZ sc-cCVJLD ewQnRo daqibT"
            >
              <svg
                aria-hidden="true"
                class="lucide lucide-trash2 lucide-trash-2"
                fill="none"
                height="24"
                stroke="currentColor"
                stroke-linecap="round"
                stroke-linejoin="round"
                stroke-width="2"
                viewBox="0 0 24 24"
                width="24"
                xmlns="http://www.w3.org/2000/svg"
              >
                <path
                  d="M3 6h18"
                />
                <path
                  d="M19 6v14c0 1-1 2-2 2H7c-1 0-2-1-2-2V6"
                />
                <path
                  d="M8 6V4c0-1 1-2 2-2h4c1 0 2 1 2 2v2"
                />
                <line
                  x1="10"
                  x2="10"
                  y1="11"
                  y2="17"
                />
                <line
                  x1="14"
                  x2="14"
                  y1="11"
                  y2="17"
                />
              </svg>
            </button>
          </div>
        </div>
      </li>
      <li>
        <div
          class="sc-gvqKNf gDcNMd"
        >
          <a
            aria-label="product-link"
            class="sc-cOpnSz dpVQfy"
            data-discover="true"
            href="/product/4"
            title="Electron P11 16-Core Processor"
          >
            <div
              class="sc-kjwdDK clwOtX"
            >
              <img
                alt="Electron P11 16-Core Processor"
                src="http://example.com/image-4.jpg"
              />
            </div>
            <div
              class="sc-eVqvcJ fmDqYv"
            >
              <p
                class="sc-bbbBoY eenUzV"
              >
                Electron P11 16-Core Processor
              </p>
              <p
                class="sc-cdmAjP ibIulg"
              >
                $
                549
              </p>
            </div>
          </a>
          <div
            class="sc-jytpVa joyyFX"
          >
            <button
              aria-label="cart-add-button"
              class="sc-eknHtZ sc-pYNGo ewQnRo brYfNX"
            >
              <svg
                aria-hidden="true"
                class="lucide lucide-shopping-cart"
                fill="none"
                height="24"
                stroke="currentColor"
                stroke-linecap="round"
                stroke-linejoin="round"
                stroke-width="2"
                viewBox="0 0 24 24"
                width="24"
                xmlns="http://www.w3.org/2000/svg"
              >
                <circle
                  cx="8"
                  cy="21"
                  r="1"
                />
                <circle
                  cx="19"
                  cy="21"
                  r="1"
                />
                <path
                  d="M2.05 2.05h2l2.66 12.42a2 2 0 0 0 2 1.58h9.78a2 2 0 0 0 1.95-1.57l1.65-7.43H5.12"
                />
              </svg>
               Add to cart
            </button>
          </div>
        </div>
      </li>
      <li>
        <div
          class="sc-gvqKNf gDcNMd"
        >
          <a
            aria-label="product-link"
            class="sc-cOpnSz dpVQfy"
            data-discover="true"
            href="/product/5"
            title="Nucleon LGA 1700 Motherboard"
          >
            <div
              class="sc-kjwdDK clwOtX"
            >
              <img
                alt="Nucleon LGA 1700 Motherboard"
                src="http://example.com/image-5.jpg"
              />
            </div>
            <div
              class="sc-eVqvcJ fmDqYv"
            >
              <p
                class="sc-bbbBoY eenUzV"
              >
                Nucleon LGA 1700 Motherboard
              </p>
              <p
                class="sc-cdmAjP ibIulg"
              >
                $
                179
              </p>
            </div>
          </a>
          <div
            class="sc-jytpVa joyyFX"
          >
            <div
              aria-label="cart-quantity-selector"
              class="sc-jYczwO fUtGVQ"
            >
              <button
                aria-label="quantity-decrement-button"
                class="sc-dNFkOE sc-fszimp eRuIdM jevfAm"
              >
                <svg
                  aria-hidden="true"
                  class="lucide lucide-minus"
                  fill="none"
                  height="24"
                  stroke="currentColor"
                  stroke-linecap="round"
                  stroke-linejoin="round"
                  stroke-width="2"
                  viewBox="0 0 24 24"
                  width="24"
                  xmlns="http://www.w3.org/2000/svg"
                >
                  <path
                    d="M5 12h14"
                  />
                </svg>
              </button>
              <input
                aria-label="custom-quantity-input"
                class="sc-fYmhhH dRLYby"
                type="text"
                value="5"
              />
              <button
                aria-label="quantity-increment-button"
                class="sc-dNFkOE sc-etsjJW eRuIdM gQSCnT"
              >
                <svg
                  aria-hidden="true"
                  class="lucide lucide-plus"
                  fill="none"
                  height="24"
                  stroke="currentColor"
                  stroke-linecap="round"
                  stroke-linejoin="round"
                  stroke-width="2"
                  viewBox="0 0 24 24"
                  width="24"
                  xmlns="http://www.w3.org/2000/svg"
                >
                  <path
                    d="M5 12h14"
                  />
                  <path
                    d="M12 5v14"
                  />
                </svg>
              </button>
            </div>
            <button
              aria-label="cart-remove-button"
              class="sc-eknHtZ sc-cCVJLD ewQnRo daqibT"
            >
              <svg
                aria-hidden="true"
                class="lucide lucide-trash2 lucide-trash-2"
                fill="none"
                height="24"
                stroke="currentColor"
                stroke-linecap="round"
                stroke-linejoin="round"
                stroke-width="2"
                viewBox="0 0 24 24"
                width="24"
                xmlns="http://www.w3.org/2000/svg"
              >
                <path
                  d="M3 6h18"
                />
                <path
                  d="M19 6v14c0 1-1 2-2 2H7c-1 0-2-1-2-2V6"
                />
                <path
                  d="M8 6V4c0-1 1-2 2-2h4c1 0 2 1 2 2v2"
                />
                <line
                  x1="10"
                  x2="10"
                  y1="11"
                  y2="17"
                />
                <line
                  x1="14"
                  x2="14"
                  y1="11"
                  y2="17"
                />
              </svg>
            </button>
          </div>
        </div>
      </li>
      <li>
        <div
          class="sc-gvqKNf gDcNMd"
        >
          <a
            aria-label="product-link"
            class="sc-cOpnSz dpVQfy"
            data-discover="true"
            href="/product/6"
            title="Newton Sports Sneakers"
          >
            <div
              class="sc-kjwdDK clwOtX"
            >
              <img
                alt="Newton Sports Sneakers"
                src="http://example.com/image-6.jpg"
              />
            </div>
            <div
              class="sc-eVqvcJ fmDqYv"
            >
              <p
                class="sc-bbbBoY eenUzV"
              >
                Newton Sports Sneakers
              </p>
              <p
                class="sc-cdmAjP ibIulg"
              >
                $
                49.99
              </p>
            </div>
          </a>
          <div
            class="sc-jytpVa joyyFX"
          >
            <button
              aria-label="cart-add-button"
              class="sc-eknHtZ sc-pYNGo ewQnRo brYfNX"
            >
              <svg
                aria-hidden="true"
                class="lucide lucide-shopping-cart"
                fill="none"
                height="24"
                stroke="currentColor"
                stroke-linecap="round"
                stroke-linejoin="round"
                stroke-width="2"
                viewBox="0 0 24 24"
                width="24"
                xmlns="http://www.w3.org/2000/svg"
              >
                <circle
                  cx="8"
                  cy="21"
                  r="1"
                />
                <circle
                  cx="19"
                  cy="21"
                  r="1"
                />
                <path
                  d="M2.05 2.05h2l2.66 12.42a2 2 0 0 0 2 1.58h9.78a2 2 0 0 0 1.95-1.57l1.65-7.43H5.12"
                />
              </svg>
               Add to cart
            </button>
          </div>
        </div>
      </li>
      <li>
        <div
          class="sc-gvqKNf gDcNMd"
        >
          <a
            aria-label="product-link"
            class="sc-cOpnSz dpVQfy"
            data-discover="true"
            href="/product/7"
            title="Graviton Travel Bag"
          >
            <div
              class="sc-kjwdDK clwOtX"
            >
              <img
                alt="Graviton Travel Bag"
                src="http://example.com/image-7.jpg"
              />
            </div>
            <div
              class="sc-eVqvcJ fmDqYv"
            >
              <p
                class="sc-bbbBoY eenUzV"
              >
                Graviton Travel Bag
              </p>
              <p
                class="sc-cdmAjP ibIulg"
              >
                $
                22.49
              </p>
            </div>
          </a>
          <div
            class="sc-jytpVa joyyFX"
          >
            <div
              aria-label="cart-quantity-selector"
              class="sc-jYczwO fUtGVQ"
            >
              <button
                aria-label="quantity-decrement-button"
                class="sc-dNFkOE sc-fszimp eRuIdM jevfAm"
              >
                <svg
                  aria-hidden="true"
                  class="lucide lucide-minus"
                  fill="none"
                  height="24"
                  stroke="currentColor"
                  stroke-linecap="round"
                  stroke-linejoin="round"
                  stroke-width="2"
                  viewBox="0 0 24 24"
                  width="24"
                  xmlns="http://www.w3.org/2000/svg"
                >
                  <path
                    d="M5 12h14"
                  />
                </svg>
              </button>
              <input
                aria-label="custom-quantity-input"
                class="sc-fYmhhH dRLYby"
                type="text"
                value="13"
              />
              <button
                aria-label="quantity-increment-button"
                class="sc-dNFkOE sc-etsjJW eRuIdM gQSCnT"
              >
                <svg
                  aria-hidden="true"
                  class="lucide lucide-plus"
                  fill="none"
                  height="24"
                  stroke="currentColor"
                  stroke-linecap="round"
                  stroke-linejoin="round"
                  stroke-width="2"
                  viewBox="0 0 24 24"
                  width="24"
                  xmlns="http://www.w3.org/2000/svg"
                >
                  <path
                    d="M5 12h14"
                  />
                  <path
                    d="M12 5v14"
                  />
                </svg>
              </button>
            </div>
            <button
              aria-label="cart-remove-button"
              class="sc-eknHtZ sc-cCVJLD ewQnRo daqibT"
            >
              <svg
                aria-hidden="true"
                class="lucide lucide-trash2 lucide-trash-2"
                fill="none"
                height="24"
                stroke="currentColor"
                stroke-linecap="round"
                stroke-linejoin="round"
                stroke-width="2"
                viewBox="0 0 24 24"
                width="24"
                xmlns="http://www.w3.org/2000/svg"
              >
                <path
                  d="M3 6h18"
                />
                <path
                  d="M19 6v14c0 1-1 2-2 2H7c-1 0-2-1-2-2V6"
                />
                <path
                  d="M8 6V4c0-1 1-2 2-2h4c1 0 2 1 2 2v2"
                />
                <line
                  x1="10"
                  x2="10"
                  y1="11"
                  y2="17"
                />
                <line
                  x1="14"
                  x2="14"
                  y1="11"
                  y2="17"
                />
              </svg>
            </button>
          </div>
        </div>
      </li>
      <li>
        <div
          class="sc-gvqKNf gDcNMd"
        >
          <a
            aria-label="product-link"
            class="sc-cOpnSz dpVQfy"
            data-discover="true"
            href="/product/8"
            title="Torqus Chronograph Wristwatch"
          >
            <div
              class="sc-kjwdDK clwOtX"
            >
              <img
                alt="Torqus Chronograph Wristwatch"
                src="http://example.com/image-8.jpg"
              />
            </div>
            <div
              class="sc-eVqvcJ fmDqYv"
            >
              <p
                class="sc-bbbBoY eenUzV"
              >
                Torqus Chronograph Wristwatch
              </p>
              <p
                class="sc-cdmAjP ibIulg"
              >
                $
                79.99
              </p>
            </div>
          </a>
          <div
            class="sc-jytpVa joyyFX"
          >
            <button
              aria-label="cart-add-button"
              class="sc-eknHtZ sc-pYNGo ewQnRo brYfNX"
            >
              <svg
                aria-hidden="true"
                class="lucide lucide-shopping-cart"
                fill="none"
                height="24"
                stroke="currentColor"
                stroke-linecap="round"
                stroke-linejoin="round"
                stroke-width="2"
                viewBox="0 0 24 24"
                width="24"
                xmlns="http://www.w3.org/2000/svg"
              >
                <circle
                  cx="8"
                  cy="21"
                  r="1"
                />
                <circle
                  cx="19"
                  cy="21"
                  r="1"
                />
                <path
                  d="M2.05 2.05h2l2.66 12.42a2 2 0 0 0 2 1.58h9.78a2 2 0 0 0 1.95-1.57l1.65-7.43H5.12"
                />
              </svg>
               Add to cart
            </button>
          </div>
        </div>
      </li>
      <li>
        <div
          class="sc-gvqKNf gDcNMd"
        >
          <a
            aria-label="product-link"
            class="sc-cOpnSz dpVQfy"
            data-discover="true"
            href="/product/9"
            title="Pendulus Silver Necklace"
          >
            <div
              class="sc-kjwdDK clwOtX"
            >
              <img
                alt="Pendulus Silver Necklace"
                src="http://example.com/image-9.jpg"
              />
            </div>
            <div
              class="sc-eVqvcJ fmDqYv"
            >
              <p
                class="sc-bbbBoY eenUzV"
              >
                Pendulus Silver Necklace
              </p>
              <p
                class="sc-cdmAjP ibIulg"
              >
                $
                13.49
              </p>
            </div>
          </a>
          <div
            class="sc-jytpVa joyyFX"
          >
            <div
              aria-label="cart-quantity-selector"
              class="sc-jYczwO fUtGVQ"
            >
              <button
                aria-label="quantity-decrement-button"
                class="sc-dNFkOE sc-fszimp eRuIdM jevfAm"
              >
                <svg
                  aria-hidden="true"
                  class="lucide lucide-minus"
                  fill="none"
                  height="24"
                  stroke="currentColor"
                  stroke-linecap="round"
                  stroke-linejoin="round"
                  stroke-width="2"
                  viewBox="0 0 24 24"
                  width="24"
                  xmlns="http://www.w3.org/2000/svg"
                >
                  <path
                    d="M5 12h14"
                  />
                </svg>
              </button>
              <input
                aria-label="custom-quantity-input"
                class="sc-fYmhhH dRLYby"
                type="text"
                value="34"
              />
              <button
                aria-label="quantity-increment-button"
                class="sc-dNFkOE sc-etsjJW eRuIdM gQSCnT"
              >
                <svg
                  aria-hidden="true"
                  class="lucide lucide-plus"
                  fill="none"
                  height="24"
                  stroke="currentColor"
                  stroke-linecap="round"
                  stroke-linejoin="round"
                  stroke-width="2"
                  viewBox="0 0 24 24"
                  width="24"
                  xmlns="http://www.w3.org/2000/svg"
                >
                  <path
                    d="M5 12h14"
                  />
                  <path
                    d="M12 5v14"
                  />
                </svg>
              </button>
            </div>
            <button
              aria-label="cart-remove-button"
              class="sc-eknHtZ sc-cCVJLD ewQnRo daqibT"
            >
              <svg
                aria-hidden="true"
                class="lucide lucide-trash2 lucide-trash-2"
                fill="none"
                height="24"
                stroke="currentColor"
                stroke-linecap="round"
                stroke-linejoin="round"
                stroke-width="2"
                viewBox="0 0 24 24"
                width="24"
                xmlns="http://www.w3.org/2000/svg"
              >
                <path
                  d="M3 6h18"
                />
                <path
                  d="M19 6v14c0 1-1 2-2 2H7c-1 0-2-1-2-2V6"
                />
                <path
                  d="M8 6V4c0-1 1-2 2-2h4c1 0 2 1 2 2v2"
                />
                <line
                  x1="10"
                  x2="10"
                  y1="11"
                  y2="17"
                />
                <line
                  x1="14"
                  x2="14"
                  y1="11"
                  y2="17"
                />
              </svg>
            </button>
          </div>
        </div>
      </li>
      <li>
        <div
          class="sc-gvqKNf gDcNMd"
        >
          <a
            aria-label="product-link"
            class="sc-cOpnSz dpVQfy"
            data-discover="true"
            href="/product/10"
            title="Centrifume Titanium Ring"
          >
            <div
              class="sc-kjwdDK clwOtX"
            >
              <img
                alt="Centrifume Titanium Ring"
                src="http://example.com/image-10.jpg"
              />
            </div>
            <div
              class="sc-eVqvcJ fmDqYv"
            >
              <p
                class="sc-bbbBoY eenUzV"
              >
                Centrifume Titanium Ring
              </p>
              <p
                class="sc-cdmAjP ibIulg"
              >
                $
                9.99
              </p>
            </div>
          </a>
          <div
            class="sc-jytpVa joyyFX"
          >
            <button
              aria-label="cart-add-button"
              class="sc-eknHtZ sc-pYNGo ewQnRo brYfNX"
            >
              <svg
                aria-hidden="true"
                class="lucide lucide-shopping-cart"
                fill="none"
                height="24"
                stroke="currentColor"
                stroke-linecap="round"
                stroke-linejoin="round"
                stroke-width="2"
                viewBox="0 0 24 24"
                width="24"
                xmlns="http://www.w3.org/2000/svg"
              >
                <circle
                  cx="8"
                  cy="21"
                  r="1"
                />
                <circle
                  cx="19"
                  cy="21"
                  r="1"
                />
                <path
                  d="M2.05 2.05h2l2.66 12.42a2 2 0 0 0 2 1.58h9.78a2 2 0 0 0 1.95-1.57l1.65-7.43H5.12"
                />
              </svg>
               Add to cart
            </button>
          </div>
        </div>
      </li>
    </ul>
  </div>
</div>
`;
