// Vitest Snapshot v1, https://vitest.dev/guide/snapshot.html

exports[`SearchBar component > renders correctly 1`] = `
<div>
  <form
    class="sc-bRKDuR jvqWos"
  >
    <svg
      aria-hidden="true"
      class="lucide lucide-search sc-hvigdm cNdWqb"
      fill="none"
      height="24"
      stroke="currentColor"
      stroke-linecap="round"
      stroke-linejoin="round"
      stroke-width="2"
      viewBox="0 0 24 24"
      width="24"
      xmlns="http://www.w3.org/2000/svg"
    >
      <path
        d="m21 21-4.34-4.34"
      />
      <circle
        cx="11"
        cy="11"
        r="8"
      />
    </svg>
    <input
      aria-label="product-search-input"
      class="sc-fhHczv jgMaqb"
      placeholder="Mock Search Prompt"
      type="text"
      value="Mock Query"
    />
  </form>
</div>
`;
