// Vitest Snapshot v1, https://vitest.dev/guide/snapshot.html

exports[`Home Page > renders correctly 1`] = `
<div>
  <main
    class="sc-hwkwBN kikxJF"
  >
    <div
      class="sc-eqYatC efa-DaQ"
    >
      <ul
        aria-label="carousel-image-list"
        class="sc-kcLKEh TfpBU"
      >
        <li
          class="sc-dntSTA kRvAoC"
        >
          <a
            aria-label="product-link"
            class="sc-kvnevz bveyYu"
            data-discover="true"
            href="/product/1"
          >
            <div
              class="sc-dFVmKS dqiEje"
            >
              <img
                alt="Proton L20 32GB RAM 2TB SSD Laptop"
                class="sc-kCuUfV gugvby"
                src="http://example.com/image-1.jpg"
              />
            </div>
            <div
              class="sc-dNdcvo eMSnVn"
            >
              <p
                class="sc-fbQrwq gdDAeo"
              >
                Proton L20 32GB RAM 2TB SSD Laptop
              </p>
            </div>
          </a>
        </li>
        <li
          class="sc-dntSTA kRvAoC"
        >
          <a
            aria-label="product-link"
            class="sc-kvnevz bveyYu"
            data-discover="true"
            href="/product/2"
          >
            <div
              class="sc-dFVmKS dqiEje"
            >
              <img
                alt="Tungstenite G8 16GB VRAM Graphics Card"
                class="sc-kCuUfV gugvby"
                src="http://example.com/image-2.jpg"
              />
            </div>
            <div
              class="sc-dNdcvo eMSnVn"
            >
              <p
                class="sc-fbQrwq gdDAeo"
              >
                Tungstenite G8 16GB VRAM Graphics Card
              </p>
            </div>
          </a>
        </li>
        <li
          class="sc-dntSTA kRvAoC"
        >
          <a
            aria-label="product-link"
            class="sc-kvnevz bveyYu"
            data-discover="true"
            href="/product/3"
          >
            <div
              class="sc-dFVmKS dqiEje"
            >
              <img
                alt="Element S12 8GB RAM 256GB ROM Smartphone"
                class="sc-kCuUfV gugvby"
                src="http://example.com/image-3.jpg"
              />
            </div>
            <div
              class="sc-dNdcvo eMSnVn"
            >
              <p
                class="sc-fbQrwq gdDAeo"
              >
                Element S12 8GB RAM 256GB ROM Smartphone
              </p>
            </div>
          </a>
        </li>
        <li
          class="sc-dntSTA kRvAoC"
        >
          <a
            aria-label="product-link"
            class="sc-kvnevz bveyYu"
            data-discover="true"
            href="/product/4"
          >
            <div
              class="sc-dFVmKS dqiEje"
            >
              <img
                alt="Electron P11 16-Core Processor"
                class="sc-kCuUfV gugvby"
                src="http://example.com/image-4.jpg"
              />
            </div>
            <div
              class="sc-dNdcvo eMSnVn"
            >
              <p
                class="sc-fbQrwq gdDAeo"
              >
                Electron P11 16-Core Processor
              </p>
            </div>
          </a>
        </li>
        <li
          class="sc-dntSTA kRvAoC"
        >
          <a
            aria-label="product-link"
            class="sc-kvnevz bveyYu"
            data-discover="true"
            href="/product/5"
          >
            <div
              class="sc-dFVmKS dqiEje"
            >
              <img
                alt="Nucleon LGA 1700 Motherboard"
                class="sc-kCuUfV gugvby"
                src="http://example.com/image-5.jpg"
              />
            </div>
            <div
              class="sc-dNdcvo eMSnVn"
            >
              <p
                class="sc-fbQrwq gdDAeo"
              >
                Nucleon LGA 1700 Motherboard
              </p>
            </div>
          </a>
        </li>
        <li
          class="sc-dntSTA kRvAoC"
        >
          <a
            aria-label="product-link"
            class="sc-kvnevz bveyYu"
            data-discover="true"
            href="/product/6"
          >
            <div
              class="sc-dFVmKS dqiEje"
            >
              <img
                alt="Newton Sports Sneakers"
                class="sc-kCuUfV gugvby"
                src="http://example.com/image-6.jpg"
              />
            </div>
            <div
              class="sc-dNdcvo eMSnVn"
            >
              <p
                class="sc-fbQrwq gdDAeo"
              >
                Newton Sports Sneakers
              </p>
            </div>
          </a>
        </li>
        <li
          class="sc-dntSTA kRvAoC"
        >
          <a
            aria-label="product-link"
            class="sc-kvnevz bveyYu"
            data-discover="true"
            href="/product/7"
          >
            <div
              class="sc-dFVmKS dqiEje"
            >
              <img
                alt="Graviton Travel Bag"
                class="sc-kCuUfV gugvby"
                src="http://example.com/image-7.jpg"
              />
            </div>
            <div
              class="sc-dNdcvo eMSnVn"
            >
              <p
                class="sc-fbQrwq gdDAeo"
              >
                Graviton Travel Bag
              </p>
            </div>
          </a>
        </li>
        <li
          class="sc-dntSTA kRvAoC"
        >
          <a
            aria-label="product-link"
            class="sc-kvnevz bveyYu"
            data-discover="true"
            href="/product/8"
          >
            <div
              class="sc-dFVmKS dqiEje"
            >
              <img
                alt="Torqus Chronograph Wristwatch"
                class="sc-kCuUfV gugvby"
                src="http://example.com/image-8.jpg"
              />
            </div>
            <div
              class="sc-dNdcvo eMSnVn"
            >
              <p
                class="sc-fbQrwq gdDAeo"
              >
                Torqus Chronograph Wristwatch
              </p>
            </div>
          </a>
        </li>
        <li
          class="sc-dntSTA kRvAoC"
        >
          <a
            aria-label="product-link"
            class="sc-kvnevz bveyYu"
            data-discover="true"
            href="/product/9"
          >
            <div
              class="sc-dFVmKS dqiEje"
            >
              <img
                alt="Pendulus Silver Necklace"
                class="sc-kCuUfV gugvby"
                src="http://example.com/image-9.jpg"
              />
            </div>
            <div
              class="sc-dNdcvo eMSnVn"
            >
              <p
                class="sc-fbQrwq gdDAeo"
              >
                Pendulus Silver Necklace
              </p>
            </div>
          </a>
        </li>
        <li
          class="sc-dntSTA kRvAoC"
        >
          <a
            aria-label="product-link"
            class="sc-kvnevz bveyYu"
            data-discover="true"
            href="/product/10"
          >
            <div
              class="sc-dFVmKS dqiEje"
            >
              <img
                alt="Centrifume Titanium Ring"
                class="sc-kCuUfV gugvby"
                src="http://example.com/image-10.jpg"
              />
            </div>
            <div
              class="sc-dNdcvo eMSnVn"
            >
              <p
                class="sc-fbQrwq gdDAeo"
              >
                Centrifume Titanium Ring
              </p>
            </div>
          </a>
        </li>
      </ul>
      <div
        class="sc-gGKoUb iAljzT"
      >
        <button
          aria-label="previous-slide-button"
          class="sc-hwddKA eMxoFa"
        >
          <svg
            aria-hidden="true"
            class="lucide lucide-chevron-left"
            fill="none"
            height="24"
            stroke="currentColor"
            stroke-linecap="round"
            stroke-linejoin="round"
            stroke-width="2"
            viewBox="0 0 24 24"
            width="24"
            xmlns="http://www.w3.org/2000/svg"
          >
            <path
              d="m15 18-6-6 6-6"
            />
          </svg>
        </button>
        <div
          class="sc-jaXbil egleQu"
        >
          <button
            aria-label="carousel-navigation-button"
            class="sc-eqNDNG fFGCQG"
          />
          <button
            aria-label="carousel-navigation-button"
            class="sc-eqNDNG bsYoCc"
          />
          <button
            aria-label="carousel-navigation-button"
            class="sc-eqNDNG bsYoCc"
          />
          <button
            aria-label="carousel-navigation-button"
            class="sc-eqNDNG bsYoCc"
          />
          <button
            aria-label="carousel-navigation-button"
            class="sc-eqNDNG bsYoCc"
          />
          <button
            aria-label="carousel-navigation-button"
            class="sc-eqNDNG bsYoCc"
          />
          <button
            aria-label="carousel-navigation-button"
            class="sc-eqNDNG bsYoCc"
          />
          <button
            aria-label="carousel-navigation-button"
            class="sc-eqNDNG bsYoCc"
          />
          <button
            aria-label="carousel-navigation-button"
            class="sc-eqNDNG bsYoCc"
          />
          <button
            aria-label="carousel-navigation-button"
            class="sc-eqNDNG bsYoCc"
          />
        </div>
        <button
          aria-label="next-slide-button"
          class="sc-hwddKA eMxoFa"
        >
          <svg
            aria-hidden="true"
            class="lucide lucide-chevron-right"
            fill="none"
            height="24"
            stroke="currentColor"
            stroke-linecap="round"
            stroke-linejoin="round"
            stroke-width="2"
            viewBox="0 0 24 24"
            width="24"
            xmlns="http://www.w3.org/2000/svg"
          >
            <path
              d="m9 18 6-6-6-6"
            />
          </svg>
        </button>
      </div>
    </div>
    <section
      class="sc-dTWiOz cTyPCt"
    >
      <p
        class="sc-eJoXEY jUyQOe"
      >
        I can't believe it's not
        <br />
        <strong
          class="sc-goiVcJ eROUfI"
        >
          BUYABLE
        </strong>
      </p>
      <a
        aria-label="shop-page-link"
        class="sc-gSifMm ikjrtB"
        data-discover="true"
        href="/shop"
      >
        Explore Products
      </a>
    </section>
  </main>
</div>
`;
