// Vitest Snapshot v1, https://vitest.dev/guide/snapshot.html

exports[`Cart Page > renders correctly 1`] = `
<div>
  <main
    class="sc-hwkwBN kikxJF"
  >
    <p
      class="sc-kNOymR juelym"
    >
      Your Cart
    </p>
    <div
      class="sc-hdBJTi mLuup"
    >
      <p
        class="sc-iIvHqT hZMqep"
      >
        Order Summary
      </p>
      <span
        class="sc-jxOwhs hqKnvm"
      >
        <label>
          Subtotal: 
        </label>
        <p>
          $
          3743.03
        </p>
      </span>
      <span
        class="sc-jxOwhs hqKnvm"
      >
        <label>
          Tax (12%): 
        </label>
        <p>
          $
          449.16
        </p>
      </span>
      <span
        class="sc-jxOwhs hqKnvm"
      >
        <label>
          Total Price: 
        </label>
        <p>
          $
          4192.19
        </p>
      </span>
      <a
        class="sc-lcItFd inqAEF"
        data-discover="true"
        href="/disclaimer"
      >
        <svg
          aria-hidden="true"
          class="lucide lucide-shopping-bag"
          fill="none"
          height="24"
          stroke="currentColor"
          stroke-linecap="round"
          stroke-linejoin="round"
          stroke-width="2"
          viewBox="0 0 24 24"
          width="24"
          xmlns="http://www.w3.org/2000/svg"
        >
          <path
            d="M16 10a4 4 0 0 1-8 0"
          />
          <path
            d="M3.103 6.034h17.794"
          />
          <path
            d="M3.4 5.467a2 2 0 0 0-.4 1.2V20a2 2 0 0 0 2 2h14a2 2 0 0 0 2-2V6.667a2 2 0 0 0-.4-1.2l-2-2.667A2 2 0 0 0 17 2H7a2 2 0 0 0-1.6.8z"
          />
        </svg>
         Place Order
      </a>
    </div>
    <ul>
      <li
        data-testid="product"
      >
        1
      </li>
      <li
        data-testid="product"
      >
        3
      </li>
      <li
        data-testid="product"
      >
        5
      </li>
      <li
        data-testid="product"
      >
        7
      </li>
      <li
        data-testid="product"
      >
        9
      </li>
    </ul>
  </main>
</div>
`;
